// Vitest Snapshot v1, https://vitest.dev/guide/snapshot.html

exports[`UserPage > should render 1`] = `
"<h2 class=\\"title is-4\\">Dein Zugang</h2>
<p> Speichere diese Seite als Bookmark oder Favorit, dann kommst du einfach wieder hierher zurück, ohne dich einloggen zu müssen. </p>
<p>Da jede:r mit dem Bookmark hierher kommt, solltest du diesen Link nicht an andere weiter geben.</p>
<div class=\\"button-list\\">
  <app-button-stub id=\\"recipes-button\\"></app-button-stub>
</div>"
`;
