// Vitest Snapshot v1

exports[`DishRecipe > should render as expected 1`] = `
"<section data-v-6da79d3c=\\"\\">
  <div class=\\"title is-4\\" data-v-6da79d3c=\\"\\"><span data-v-6da79d3c=\\"\\">Guacamole</span>
    <favorite-button-stub dish=\\"[object Object]\\" data-v-6da79d3c=\\"\\"></favorite-button-stub>
  </div>
  <div class=\\"image-ingredients\\" data-v-6da79d3c=\\"\\">
    <div class=\\"image-wrapper\\" data-v-6da79d3c=\\"\\">
      <o-icon-stub icon=\\"image\\" clickable=\\"false\\" spin=\\"false\\" both=\\"false\\" data-v-6da79d3c=\\"\\"></o-icon-stub>
      <!--v-if-->
    </div>
    <div class=\\"ingredients-list-container\\" data-v-6da79d3c=\\"\\">
      <p class=\\"title is-6\\" data-v-6da79d3c=\\"\\">Zutaten:</p>
      <ingredients-list-stub ingredients=\\"[object Object],[object Object]\\" data-v-6da79d3c=\\"\\"></ingredients-list-stub>
    </div>
  </div>
  <vue-showdown-stub markdown=\\"Noch gibt es keine Beschreibung zu diesem Gericht\\" tag=\\"div\\" flavor=\\"github\\" options=\\"[object Object]\\" vuetemplate=\\"false\\" vuetemplatedata=\\"[object Object]\\" class=\\"description\\" data-v-6da79d3c=\\"\\"></vue-showdown-stub>
  <div class=\\"buttons\\" data-v-6da79d3c=\\"\\">
    <app-button-stub icon=\\"list\\" data-v-6da79d3c=\\"\\"></app-button-stub>
    <!--v-if-->
    <app-button-stub icon=\\"edit\\" data-v-6da79d3c=\\"\\"></app-button-stub>
    <!--v-if-->
  </div>
</section>"
`;
