// Vitest Snapshot v1

exports[`IngredientsList > should render a list with an editable item and with a new item 1`] = `"<div class=\\"ingredient-list\\" data-v-560a7300=\\"\\"><span data-v-560a7300=\\"\\">8</span><span data-v-560a7300=\\"\\">L</span><span data-v-560a7300=\\"\\">abc</span></div>"`;

exports[`IngredientsList > should render a list with an item 1`] = `"<div class=\\"ingredient-list\\" data-v-560a7300=\\"\\"><span data-v-560a7300=\\"\\">8</span><span data-v-560a7300=\\"\\">L</span><span data-v-560a7300=\\"\\">abc</span></div>"`;

exports[`IngredientsList > should render an empty list 1`] = `"<div class=\\"ingredient-list\\" data-v-560a7300=\\"\\"></div>"`;
