// Vitest Snapshot v1, https://vitest.dev/guide/snapshot.html

exports[`IngredientsList > should render a list with an editable item and with a new item 1`] = `"<div class=\\"ingredient-list\\" data-v-973b5ae8=\\"\\"><span data-v-973b5ae8=\\"\\">8</span><span data-v-973b5ae8=\\"\\">L</span><span data-v-973b5ae8=\\"\\">abc</span></div>"`;

exports[`IngredientsList > should render a list with an item 1`] = `"<div class=\\"ingredient-list\\" data-v-973b5ae8=\\"\\"><span data-v-973b5ae8=\\"\\">8</span><span data-v-973b5ae8=\\"\\">L</span><span data-v-973b5ae8=\\"\\">abc</span></div>"`;

exports[`IngredientsList > should render an empty list 1`] = `"<div class=\\"ingredient-list\\" data-v-973b5ae8=\\"\\"></div>"`;
